../Core/Src/main.c:88:5:__io_putchar	24	static
../Core/Src/main.c:94:1:__io_getchar	16	static
../Core/Src/main.c:110:5:who_am_i_sensors	24	static
../Core/Src/main.c:147:5:reset_acc	24	static
../Core/Src/main.c:158:5:config_acc	40	static
../Core/Src/main.c:185:5:reset_mag	32	static
../Core/Src/main.c:195:5:config_mag	40	static
../Core/Src/main.c:219:6:get_data	40	static
../Core/Src/main.c:241:6:acc_calibration	24	static
../Core/Src/main.c:247:6:mag_calibration	16	static
../Core/Src/main.c:253:6:calcul_angle	40	static
../Core/Src/main.c:264:6:affich_meas	56	static
../Core/Src/main.c:281:5:main	56	static
../Core/Src/main.c:344:6:SystemClock_Config	88	static
../Core/Src/main.c:395:6:Error_Handler	8	static,ignoring_inline_asm
